Requirement already satisfied: pip in ./outputs/ocr_skill_trials/.venv/lib/python3.9/site-packages (21.2.4)
Collecting pip
  Using cached pip-26.0.1-py3-none-any.whl (1.8 MB)
Installing collected packages: pip
  Attempting uninstall: pip
    Found existing installation: pip 21.2.4
    Uninstalling pip-21.2.4:
      Successfully uninstalled pip-21.2.4
Successfully installed pip-26.0.1
Collecting Pillow
  Using cached pillow-11.3.0-cp39-cp39-macosx_11_0_arm64.whl.metadata (9.0 kB)
Collecting PyMuPDF
  Using cached pymupdf-1.26.5-cp39-abi3-macosx_11_0_arm64.whl.metadata (3.4 kB)
Collecting numpy
  Downloading numpy-2.0.2-cp39-cp39-macosx_14_0_arm64.whl.metadata (60 kB)
Collecting pytesseract
  Using cached pytesseract-0.3.13-py3-none-any.whl.metadata (11 kB)
Collecting packaging>=21.3 (from pytesseract)
  Downloading packaging-26.2-py3-none-any.whl.metadata (3.5 kB)
Using cached pillow-11.3.0-cp39-cp39-macosx_11_0_arm64.whl (4.7 MB)
Using cached pymupdf-1.26.5-cp39-abi3-macosx_11_0_arm64.whl (22.4 MB)
Downloading numpy-2.0.2-cp39-cp39-macosx_14_0_arm64.whl (5.3 MB)
   ━━━━━━━━━━━━━━━━━━━━━━━━━━━━━━━━━━━━━━━━ 5.3/5.3 MB 5.5 MB/s  0:00:01
Using cached pytesseract-0.3.13-py3-none-any.whl (14 kB)
Downloading packaging-26.2-py3-none-any.whl (100 kB)
Installing collected packages: PyMuPDF, Pillow, packaging, numpy, pytesseract

Successfully installed Pillow-11.3.0 PyMuPDF-1.26.5 numpy-2.0.2 packaging-26.2 pytesseract-0.3.13
