{"doc_slug": "past_papers_171_sample_pipeline", "page": 1, "quality_flag": "ok", "char_count": 346, "ocr_seconds": 5.922}
{"doc_slug": "past_papers_171_sample_pipeline", "page": 2, "quality_flag": "ok", "char_count": 1268, "ocr_seconds": 11.132}
{"doc_slug": "past_papers_171_sample_pipeline", "page": 3, "quality_flag": "ok", "char_count": 1804, "ocr_seconds": 14.864}
{
  "pdf_path": "/Users/wangrundong/work/软考/历年系统集成项目管理工程师试题解析及答案-171页.pdf",
  "doc_slug": "past_papers_171_sample_pipeline",
  "page_count_total": 171,
  "page_count_processed": 3,
  "start_page": 1,
  "end_page": 3,
  "output_pdf": "/Users/wangrundong/work/软考/outputs/ocr/pdf/past_papers_171_sample_pipeline.pdf",
  "pages_index": "/Users/wangrundong/work/软考/outputs/ocr/pages/past_papers_171_sample_pipeline/pages_index.json",
  "average_char_count": 1139.33,
  "average_non_whitespace_count": 677,
  "quality_counts": {
    "ok": 3,
    "review": 0,
    "empty": 0,
    "error": 0
  },
  "elapsed_seconds": 31.92
}
