Start processing 10 pages concurrently
    1 page is facing ⇧, confidence 2.93 - no change
    3 page is facing ⇧, confidence 9.80 - no change
    2 page is facing ⇧, confidence 10.40 - no change
    1 [tesseract] read_params_file: Can't open pdf
    1 [tesseract] read_params_file: Can't open txt
    1 [tesseract] read_params_file: Can't open pdf
    1 [tesseract] read_params_file: Can't open txt
    1 [tesseract] Error opening data file /Users/wangrundong/work/软考/outputs/ocr/tessdata/chi_sim_vert.traineddata
    1 [tesseract] Please make sure the TESSDATA_PREFIX environment variable is set to your "tessdata" directory.
    1 [tesseract] Failed loading language 'chi_sim_vert'
    2 [tesseract] read_params_file: Can't open pdf
    2 [tesseract] read_params_file: Can't open txt
    2 [tesseract] read_params_file: Can't open pdf
    2 [tesseract] read_params_file: Can't open txt
    2 [tesseract] Error opening data file /Users/wangrundong/work/软考/outputs/ocr/tessdata/chi_sim_vert.traineddata
    2 [tesseract] Please make sure the TESSDATA_PREFIX environment variable is set to your "tessdata" directory.
    2 [tesseract] Failed loading language 'chi_sim_vert'
    3 [tesseract] read_params_file: Can't open pdf
    3 [tesseract] read_params_file: Can't open txt
    3 [tesseract] read_params_file: Can't open pdf
    3 [tesseract] read_params_file: Can't open txt
    3 [tesseract] Error opening data file /Users/wangrundong/work/软考/outputs/ocr/tessdata/chi_sim_vert.traineddata
    3 [tesseract] Please make sure the TESSDATA_PREFIX environment variable is set to your "tessdata" directory.
    3 [tesseract] Failed loading language 'chi_sim_vert'
Postprocessing...
Image optimization ratio: 1.08 savings: 7.4%
Total file size ratio: 1.09 savings: 8.0%
Output file is a PDF/A-2B (as expected)
