{"doc_slug": "smoke_test", "page": 1, "quality_flag": "ok", "char_count": 346, "ocr_seconds": 3.577}
{
  "pdf_path": "/Users/wangrundong/work/软考/历年系统集成项目管理工程师试题解析及答案-171页.pdf",
  "doc_slug": "smoke_test",
  "page_count_total": 171,
  "page_count_processed": 1,
  "start_page": 1,
  "end_page": 1,
  "output_pdf": "/Users/wangrundong/work/软考/outputs/ocr/pdf/smoke_test.pdf",
  "pages_index": "/Users/wangrundong/work/软考/outputs/ocr/pages/smoke_test/pages_index.json",
  "average_char_count": 346,
  "average_non_whitespace_count": 202,
  "quality_counts": {
    "ok": 1,
    "review": 0,
    "empty": 0,
    "error": 0
  },
  "elapsed_seconds": 3.7
}
