Start processing 10 pages concurrently
    1 [tesseract] Too few characters. Skipping this page
    1 [tesseract] Error during processing.
    1 page is facing ⇧, confidence 0.00 - no change
    2 page is facing ⇧, confidence 16.27 - rotation appears correct
    3 page is facing ⇧, confidence 20.71 - rotation appears correct
    1 [tesseract] read_params_file: Can't open pdf
    1 [tesseract] read_params_file: Can't open txt
    1 [tesseract] read_params_file: Can't open pdf
    1 [tesseract] read_params_file: Can't open txt
    1 [tesseract] Error opening data file /Users/wangrundong/work/软考/outputs/ocr/tessdata/chi_sim_vert.traineddata
    1 [tesseract] Please make sure the TESSDATA_PREFIX environment variable is set to your "tessdata" directory.
    1 [tesseract] Failed loading language 'chi_sim_vert'
    2 [tesseract] read_params_file: Can't open pdf
    2 [tesseract] read_params_file: Can't open txt
    2 [tesseract] read_params_file: Can't open pdf
    2 [tesseract] read_params_file: Can't open txt
    2 [tesseract] Error opening data file /Users/wangrundong/work/软考/outputs/ocr/tessdata/chi_sim_vert.traineddata
    2 [tesseract] Please make sure the TESSDATA_PREFIX environment variable is set to your "tessdata" directory.
    2 [tesseract] Failed loading language 'chi_sim_vert'
    3 [tesseract] read_params_file: Can't open pdf
    3 [tesseract] read_params_file: Can't open txt
    3 [tesseract] read_params_file: Can't open pdf
    3 [tesseract] read_params_file: Can't open txt
    3 [tesseract] Error opening data file /Users/wangrundong/work/软考/outputs/ocr/tessdata/chi_sim_vert.traineddata
    3 [tesseract] Please make sure the TESSDATA_PREFIX environment variable is set to your "tessdata" directory.
    3 [tesseract] Failed loading language 'chi_sim_vert'
Postprocessing...
Some input metadata could not be copied because it is not permitted in PDF/A. You may wish to examine the output PDF's XMP metadata.
Image optimization did not improve the file - optimizations will not be used
Image optimization ratio: 1.00 savings: -0.3%
Total file size ratio: 1.00 savings: 0.3%
Output file is a PDF/A-2B (as expected)
