{"doc_slug": "past_papers_171", "page": 1, "quality_flag": "ok", "char_count": 346, "ocr_seconds": 6.088}
{"doc_slug": "past_papers_171", "page": 2, "quality_flag": "ok", "char_count": 1268, "ocr_seconds": 17.398}
{"doc_slug": "past_papers_171", "page": 4, "quality_flag": "ok", "char_count": 1512, "ocr_seconds": 19.325}
{"doc_slug": "past_papers_171", "page": 3, "quality_flag": "ok", "char_count": 1804, "ocr_seconds": 22.867}
{"doc_slug": "past_papers_171", "page": 5, "quality_flag": "ok", "char_count": 1991, "ocr_seconds": 24.405}
{"doc_slug": "past_papers_171", "page": 7, "quality_flag": "ok", "char_count": 1380, "ocr_seconds": 17.181}
{"doc_slug": "past_papers_171", "page": 8, "quality_flag": "ok", "char_count": 1321, "ocr_seconds": 17.026}
{"doc_slug": "past_papers_171", "page": 6, "quality_flag": "ok", "char_count": 1947, "ocr_seconds": 25.106}
{"doc_slug": "past_papers_171", "page": 9, "quality_flag": "ok", "char_count": 1486, "ocr_seconds": 18.164}
{"doc_slug": "past_papers_171", "page": 10, "quality_flag": "ok", "char_count": 1009, "ocr_seconds": 13.497}
{"doc_slug": "past_papers_171", "page": 11, "quality_flag": "ok", "char_count": 1009, "ocr_seconds": 13.602}
{"doc_slug": "past_papers_171", "page": 12, "quality_flag": "ok", "char_count": 1076, "ocr_seconds": 14.604}
{"doc_slug": "past_papers_171", "page": 14, "quality_flag": "review", "char_count": 1554, "ocr_seconds": 8.585}
{"doc_slug": "past_papers_171", "page": 13, "quality_flag": "ok", "char_count": 1309, "ocr_seconds": 16.841}
{"doc_slug": "past_papers_171", "page": 15, "quality_flag": "ok", "char_count": 938, "ocr_seconds": 14.098}
{"doc_slug": "past_papers_171", "page": 16, "quality_flag": "ok", "char_count": 1559, "ocr_seconds": 15.683}
{"doc_slug": "past_papers_171", "page": 17, "quality_flag": "ok", "char_count": 1237, "ocr_seconds": 16.55}
{"doc_slug": "past_papers_171", "page": 18, "quality_flag": "ok", "char_count": 603, "ocr_seconds": 11.826}
{"doc_slug": "past_papers_171", "page": 19, "quality_flag": "ok", "char_count": 957, "ocr_seconds": 12.589}
{"doc_slug": "past_papers_171", "page": 20, "quality_flag": "ok", "char_count": 1146, "ocr_seconds": 15.76}
{"doc_slug": "past_papers_171", "page": 21, "quality_flag": "ok", "char_count": 1008, "ocr_seconds": 14.584}
{"doc_slug": "past_papers_171", "page": 25, "quality_flag": "review", "char_count": 166, "ocr_seconds": 2.844}
{"doc_slug": "past_papers_171", "page": 22, "quality_flag": "ok", "char_count": 1733, "ocr_seconds": 21.685}
{"doc_slug": "past_papers_171", "page": 23, "quality_flag": "ok", "char_count": 1716, "ocr_seconds": 21.49}
{"doc_slug": "past_papers_171", "page": 26, "quality_flag": "ok", "char_count": 1671, "ocr_seconds": 20.35}
{"doc_slug": "past_papers_171", "page": 24, "quality_flag": "ok", "char_count": 1984, "ocr_seconds": 25.337}
{"doc_slug": "past_papers_171", "page": 28, "quality_flag": "ok", "char_count": 1565, "ocr_seconds": 19.062}
{"doc_slug": "past_papers_171", "page": 27, "quality_flag": "ok", "char_count": 1739, "ocr_seconds": 22.291}
{"doc_slug": "past_papers_171", "page": 29, "quality_flag": "ok", "char_count": 1652, "ocr_seconds": 20.866}
{"doc_slug": "past_papers_171", "page": 30, "quality_flag": "ok", "char_count": 1762, "ocr_seconds": 22.682}
{"doc_slug": "past_papers_171", "page": 31, "quality_flag": "ok", "char_count": 1392, "ocr_seconds": 16.364}
{"doc_slug": "past_papers_171", "page": 32, "quality_flag": "ok", "char_count": 1901, "ocr_seconds": 23.34}
{"doc_slug": "past_papers_171", "page": 33, "quality_flag": "ok", "char_count": 1652, "ocr_seconds": 20.395}
{"doc_slug": "past_papers_171", "page": 34, "quality_flag": "ok", "char_count": 1254, "ocr_seconds": 17.809}
{"doc_slug": "past_papers_171", "page": 35, "quality_flag": "ok", "char_count": 1539, "ocr_seconds": 19.276}
{"doc_slug": "past_papers_171", "page": 39, "quality_flag": "ok", "char_count": 677, "ocr_seconds": 9.166}
{"doc_slug": "past_papers_171", "page": 36, "quality_flag": "ok", "char_count": 1641, "ocr_seconds": 20.976}
{"doc_slug": "past_papers_171", "page": 38, "quality_flag": "ok", "char_count": 1449, "ocr_seconds": 14.143}
{"doc_slug": "past_papers_171", "page": 37, "quality_flag": "ok", "char_count": 1503, "ocr_seconds": 18.836}
{"doc_slug": "past_papers_171", "page": 41, "quality_flag": "ok", "char_count": 1560, "ocr_seconds": 13.025}
{"doc_slug": "past_papers_171", "page": 40, "quality_flag": "ok", "char_count": 1501, "ocr_seconds": 13.674}
{"doc_slug": "past_papers_171", "page": 42, "quality_flag": "ok", "char_count": 1343, "ocr_seconds": 17.997}
{"doc_slug": "past_papers_171", "page": 43, "quality_flag": "ok", "char_count": 980, "ocr_seconds": 14.922}
{"doc_slug": "past_papers_171", "page": 45, "quality_flag": "ok", "char_count": 1295, "ocr_seconds": 18.681}
{"doc_slug": "past_papers_171", "page": 46, "quality_flag": "ok", "char_count": 478, "ocr_seconds": 14.333}
{"doc_slug": "past_papers_171", "page": 44, "quality_flag": "ok", "char_count": 1734, "ocr_seconds": 22.348}
{"doc_slug": "past_papers_171", "page": 47, "quality_flag": "ok", "char_count": 1307, "ocr_seconds": 16.09}
{"doc_slug": "past_papers_171", "page": 48, "quality_flag": "ok", "char_count": 866, "ocr_seconds": 11.683}
{"doc_slug": "past_papers_171", "page": 50, "quality_flag": "ok", "char_count": 1612, "ocr_seconds": 19.885}
{"doc_slug": "past_papers_171", "page": 49, "quality_flag": "ok", "char_count": 1896, "ocr_seconds": 22.772}
{"doc_slug": "past_papers_171", "page": 51, "quality_flag": "ok", "char_count": 1978, "ocr_seconds": 23.91}
{"doc_slug": "past_papers_171", "page": 52, "quality_flag": "ok", "char_count": 1654, "ocr_seconds": 20.417}
{"doc_slug": "past_papers_171", "page": 53, "quality_flag": "ok", "char_count": 1003, "ocr_seconds": 11.87}
{"doc_slug": "past_papers_171", "page": 54, "quality_flag": "ok", "char_count": 1143, "ocr_seconds": 12.453}
{"doc_slug": "past_papers_171", "page": 55, "quality_flag": "ok", "char_count": 2381, "ocr_seconds": 28.222}
{"doc_slug": "past_papers_171", "page": 58, "quality_flag": "ok", "char_count": 1713, "ocr_seconds": 21.337}
{"doc_slug": "past_papers_171", "page": 56, "quality_flag": "ok", "char_count": 2366, "ocr_seconds": 27.737}
{"doc_slug": "past_papers_171", "page": 57, "quality_flag": "ok", "char_count": 2239, "ocr_seconds": 27.773}
{"doc_slug": "past_papers_171", "page": 61, "quality_flag": "ok", "char_count": 1026, "ocr_seconds": 12.548}
{"doc_slug": "past_papers_171", "page": 60, "quality_flag": "ok", "char_count": 1352, "ocr_seconds": 16.704}
{"doc_slug": "past_papers_171", "page": 59, "quality_flag": "ok", "char_count": 1740, "ocr_seconds": 21.147}
{"doc_slug": "past_papers_171", "page": 64, "quality_flag": "ok", "char_count": 250, "ocr_seconds": 3.383}
{"doc_slug": "past_papers_171", "page": 65, "quality_flag": "ok", "char_count": 300, "ocr_seconds": 4.017}
{"doc_slug": "past_papers_171", "page": 62, "quality_flag": "ok", "char_count": 1572, "ocr_seconds": 21.587}
{"doc_slug": "past_papers_171", "page": 66, "quality_flag": "ok", "char_count": 698, "ocr_seconds": 8.797}
{"doc_slug": "past_papers_171", "page": 63, "quality_flag": "ok", "char_count": 1289, "ocr_seconds": 16.2}
{"doc_slug": "past_papers_171", "page": 68, "quality_flag": "ok", "char_count": 583, "ocr_seconds": 7.183}
{"doc_slug": "past_papers_171", "page": 70, "quality_flag": "ok", "char_count": 607, "ocr_seconds": 7.539}
{"doc_slug": "past_papers_171", "page": 69, "quality_flag": "ok", "char_count": 620, "ocr_seconds": 8.891}
{"doc_slug": "past_papers_171", "page": 71, "quality_flag": "ok", "char_count": 546, "ocr_seconds": 6.837}
{"doc_slug": "past_papers_171", "page": 67, "quality_flag": "ok", "char_count": 1267, "ocr_seconds": 15.556}
{"doc_slug": "past_papers_171", "page": 72, "quality_flag": "ok", "char_count": 767, "ocr_seconds": 10.096}
{"doc_slug": "past_papers_171", "page": 74, "quality_flag": "ok", "char_count": 675, "ocr_seconds": 8.938}
{"doc_slug": "past_papers_171", "page": 73, "quality_flag": "ok", "char_count": 826, "ocr_seconds": 10.913}
{"doc_slug": "past_papers_171", "page": 75, "quality_flag": "ok", "char_count": 707, "ocr_seconds": 9.464}
{"doc_slug": "past_papers_171", "page": 76, "quality_flag": "ok", "char_count": 1166, "ocr_seconds": 15.201}
{"doc_slug": "past_papers_171", "page": 78, "quality_flag": "ok", "char_count": 781, "ocr_seconds": 13.905}
{"doc_slug": "past_papers_171", "page": 79, "quality_flag": "ok", "char_count": 1477, "ocr_seconds": 18.425}
{"doc_slug": "past_papers_171", "page": 77, "quality_flag": "ok", "char_count": 1975, "ocr_seconds": 23.557}
{"doc_slug": "past_papers_171", "page": 80, "quality_flag": "ok", "char_count": 1286, "ocr_seconds": 19.086}
{"doc_slug": "past_papers_171", "page": 84, "quality_flag": "empty", "char_count": 0, "ocr_seconds": 1.23}
{"doc_slug": "past_papers_171", "page": 81, "quality_flag": "ok", "char_count": 2142, "ocr_seconds": 20.376}
{"doc_slug": "past_papers_171", "page": 86, "quality_flag": "review", "char_count": 16, "ocr_seconds": 1.91}
{"doc_slug": "past_papers_171", "page": 82, "quality_flag": "ok", "char_count": 1672, "ocr_seconds": 21.998}
{"doc_slug": "past_papers_171", "page": 83, "quality_flag": "ok", "char_count": 1774, "ocr_seconds": 22.039}
{"doc_slug": "past_papers_171", "page": 85, "quality_flag": "ok", "char_count": 845, "ocr_seconds": 20.29}
{"doc_slug": "past_papers_171", "page": 88, "quality_flag": "ok", "char_count": 685, "ocr_seconds": 13.904}
{"doc_slug": "past_papers_171", "page": 87, "quality_flag": "ok", "char_count": 1537, "ocr_seconds": 20.75}
{"doc_slug": "past_papers_171", "page": 89, "quality_flag": "ok", "char_count": 1046, "ocr_seconds": 13.946}
{"doc_slug": "past_papers_171", "page": 93, "quality_flag": "empty", "char_count": 0, "ocr_seconds": 1.013}
{"doc_slug": "past_papers_171", "page": 92, "quality_flag": "ok", "char_count": 982, "ocr_seconds": 11.643}
{"doc_slug": "past_papers_171", "page": 91, "quality_flag": "ok", "char_count": 1457, "ocr_seconds": 17.947}
{"doc_slug": "past_papers_171", "page": 90, "quality_flag": "ok", "char_count": 1681, "ocr_seconds": 19.817}
{"doc_slug": "past_papers_171", "page": 94, "quality_flag": "ok", "char_count": 1480, "ocr_seconds": 18.894}
{"doc_slug": "past_papers_171", "page": 95, "quality_flag": "ok", "char_count": 1854, "ocr_seconds": 22.469}
{"doc_slug": "past_papers_171", "page": 96, "quality_flag": "ok", "char_count": 1716, "ocr_seconds": 21.098}
{"doc_slug": "past_papers_171", "page": 97, "quality_flag": "ok", "char_count": 1576, "ocr_seconds": 20.144}
{"doc_slug": "past_papers_171", "page": 98, "quality_flag": "ok", "char_count": 1561, "ocr_seconds": 18.924}
{"doc_slug": "past_papers_171", "page": 101, "quality_flag": "ok", "char_count": 1299, "ocr_seconds": 17.673}
{"doc_slug": "past_papers_171", "page": 100, "quality_flag": "ok", "char_count": 1826, "ocr_seconds": 22.648}
{"doc_slug": "past_papers_171", "page": 99, "quality_flag": "ok", "char_count": 2320, "ocr_seconds": 27.677}
{"doc_slug": "past_papers_171", "page": 102, "quality_flag": "ok", "char_count": 1740, "ocr_seconds": 21.539}
{"doc_slug": "past_papers_171", "page": 103, "quality_flag": "ok", "char_count": 1046, "ocr_seconds": 12.336}
{"doc_slug": "past_papers_171", "page": 104, "quality_flag": "ok", "char_count": 1054, "ocr_seconds": 12.344}
{"doc_slug": "past_papers_171", "page": 105, "quality_flag": "ok", "char_count": 1203, "ocr_seconds": 10.867}
{"doc_slug": "past_papers_171", "page": 106, "quality_flag": "ok", "char_count": 1643, "ocr_seconds": 20.381}
{"doc_slug": "past_papers_171", "page": 109, "quality_flag": "ok", "char_count": 1218, "ocr_seconds": 14.473}
{"doc_slug": "past_papers_171", "page": 107, "quality_flag": "ok", "char_count": 2031, "ocr_seconds": 24.386}
{"doc_slug": "past_papers_171", "page": 110, "quality_flag": "ok", "char_count": 970, "ocr_seconds": 9.454}
{"doc_slug": "past_papers_171", "page": 108, "quality_flag": "ok", "char_count": 1875, "ocr_seconds": 23.227}
{"doc_slug": "past_papers_171", "page": 114, "quality_flag": "ok", "char_count": 256, "ocr_seconds": 3.947}
{"doc_slug": "past_papers_171", "page": 111, "quality_flag": "ok", "char_count": 1147, "ocr_seconds": 14.254}
{"doc_slug": "past_papers_171", "page": 113, "quality_flag": "ok", "char_count": 1002, "ocr_seconds": 12.868}
{"doc_slug": "past_papers_171", "page": 115, "quality_flag": "ok", "char_count": 674, "ocr_seconds": 9.308}
{"doc_slug": "past_papers_171", "page": 112, "quality_flag": "ok", "char_count": 1518, "ocr_seconds": 18.138}
{"doc_slug": "past_papers_171", "page": 118, "quality_flag": "ok", "char_count": 231, "ocr_seconds": 2.79}
{"doc_slug": "past_papers_171", "page": 117, "quality_flag": "ok", "char_count": 716, "ocr_seconds": 8.858}
{"doc_slug": "past_papers_171", "page": 116, "quality_flag": "ok", "char_count": 1125, "ocr_seconds": 14.537}
{"doc_slug": "past_papers_171", "page": 120, "quality_flag": "ok", "char_count": 1378, "ocr_seconds": 12.077}
{"doc_slug": "past_papers_171", "page": 119, "quality_flag": "ok", "char_count": 1082, "ocr_seconds": 13.699}
{"doc_slug": "past_papers_171", "page": 121, "quality_flag": "ok", "char_count": 1281, "ocr_seconds": 14.41}
{"doc_slug": "past_papers_171", "page": 122, "quality_flag": "ok", "char_count": 1458, "ocr_seconds": 18.124}
{"doc_slug": "past_papers_171", "page": 124, "quality_flag": "ok", "char_count": 986, "ocr_seconds": 12.38}
{"doc_slug": "past_papers_171", "page": 123, "quality_flag": "ok", "char_count": 1282, "ocr_seconds": 15.982}
{"doc_slug": "past_papers_171", "page": 125, "quality_flag": "ok", "char_count": 1392, "ocr_seconds": 17.292}
{"doc_slug": "past_papers_171", "page": 126, "quality_flag": "ok", "char_count": 1072, "ocr_seconds": 13.444}
{"doc_slug": "past_papers_171", "page": 127, "quality_flag": "ok", "char_count": 1167, "ocr_seconds": 14.099}
{"doc_slug": "past_papers_171", "page": 128, "quality_flag": "ok", "char_count": 970, "ocr_seconds": 12.038}
{"doc_slug": "past_papers_171", "page": 130, "quality_flag": "ok", "char_count": 758, "ocr_seconds": 9.8}
{"doc_slug": "past_papers_171", "page": 129, "quality_flag": "ok", "char_count": 1029, "ocr_seconds": 13.213}
{"doc_slug": "past_papers_171", "page": 132, "quality_flag": "ok", "char_count": 829, "ocr_seconds": 10.337}
{"doc_slug": "past_papers_171", "page": 131, "quality_flag": "ok", "char_count": 1161, "ocr_seconds": 13.74}
{"doc_slug": "past_papers_171", "page": 133, "quality_flag": "ok", "char_count": 1091, "ocr_seconds": 14.264}
{"doc_slug": "past_papers_171", "page": 136, "quality_flag": "ok", "char_count": 1693, "ocr_seconds": 20.107}
{"doc_slug": "past_papers_171", "page": 134, "quality_flag": "ok", "char_count": 2224, "ocr_seconds": 27.528}
{"doc_slug": "past_papers_171", "page": 135, "quality_flag": "ok", "char_count": 2184, "ocr_seconds": 26.802}
{"doc_slug": "past_papers_171", "page": 137, "quality_flag": "ok", "char_count": 1942, "ocr_seconds": 24.8}
{"doc_slug": "past_papers_171", "page": 141, "quality_flag": "ok", "char_count": 932, "ocr_seconds": 13.538}
{"doc_slug": "past_papers_171", "page": 140, "quality_flag": "ok", "char_count": 1793, "ocr_seconds": 21.734}
{"doc_slug": "past_papers_171", "page": 138, "quality_flag": "ok", "char_count": 1875, "ocr_seconds": 26.53}
{"doc_slug": "past_papers_171", "page": 139, "quality_flag": "ok", "char_count": 2020, "ocr_seconds": 25.042}
{"doc_slug": "past_papers_171", "page": 144, "quality_flag": "ok", "char_count": 1566, "ocr_seconds": 19.029}
{"doc_slug": "past_papers_171", "page": 145, "quality_flag": "ok", "char_count": 1497, "ocr_seconds": 20.194}
{"doc_slug": "past_papers_171", "page": 142, "quality_flag": "ok", "char_count": 2068, "ocr_seconds": 25.674}
{"doc_slug": "past_papers_171", "page": 143, "quality_flag": "ok", "char_count": 2051, "ocr_seconds": 26.182}
{"doc_slug": "past_papers_171", "page": 146, "quality_flag": "ok", "char_count": 1543, "ocr_seconds": 20.32}
{"doc_slug": "past_papers_171", "page": 147, "quality_flag": "ok", "char_count": 2154, "ocr_seconds": 20.296}
{"doc_slug": "past_papers_171", "page": 149, "quality_flag": "ok", "char_count": 1526, "ocr_seconds": 17.496}
{"doc_slug": "past_papers_171", "page": 148, "quality_flag": "ok", "char_count": 2011, "ocr_seconds": 25.115}
{"doc_slug": "past_papers_171", "page": 150, "quality_flag": "ok", "char_count": 896, "ocr_seconds": 13.814}
{"doc_slug": "past_papers_171", "page": 152, "quality_flag": "ok", "char_count": 2063, "ocr_seconds": 24.948}
{"doc_slug": "past_papers_171", "page": 151, "quality_flag": "ok", "char_count": 2438, "ocr_seconds": 30.222}
{"doc_slug": "past_papers_171", "page": 154, "quality_flag": "ok", "char_count": 1602, "ocr_seconds": 19.776}
{"doc_slug": "past_papers_171", "page": 153, "quality_flag": "ok", "char_count": 2048, "ocr_seconds": 24.836}
{"doc_slug": "past_papers_171", "page": 157, "quality_flag": "ok", "char_count": 1501, "ocr_seconds": 19.231}
{"doc_slug": "past_papers_171", "page": 155, "quality_flag": "ok", "char_count": 1779, "ocr_seconds": 23.74}
{"doc_slug": "past_papers_171", "page": 156, "quality_flag": "ok", "char_count": 2211, "ocr_seconds": 27.374}
{"doc_slug": "past_papers_171", "page": 158, "quality_flag": "ok", "char_count": 2328, "ocr_seconds": 27.943}
{"doc_slug": "past_papers_171", "page": 160, "quality_flag": "ok", "char_count": 1544, "ocr_seconds": 16.762}
{"doc_slug": "past_papers_171", "page": 159, "quality_flag": "ok", "char_count": 1798, "ocr_seconds": 22.429}
{"doc_slug": "past_papers_171", "page": 161, "quality_flag": "ok", "char_count": 1694, "ocr_seconds": 20.77}
{"doc_slug": "past_papers_171", "page": 162, "quality_flag": "ok", "char_count": 1627, "ocr_seconds": 19.045}
{"doc_slug": "past_papers_171", "page": 163, "quality_flag": "ok", "char_count": 1940, "ocr_seconds": 16.962}
{"doc_slug": "past_papers_171", "page": 164, "quality_flag": "ok", "char_count": 1263, "ocr_seconds": 15.187}
{"doc_slug": "past_papers_171", "page": 165, "quality_flag": "ok", "char_count": 418, "ocr_seconds": 10.9}
{"doc_slug": "past_papers_171", "page": 166, "quality_flag": "ok", "char_count": 977, "ocr_seconds": 14.834}
{"doc_slug": "past_papers_171", "page": 167, "quality_flag": "ok", "char_count": 1376, "ocr_seconds": 16.949}
{"doc_slug": "past_papers_171", "page": 171, "quality_flag": "empty", "char_count": 0, "ocr_seconds": 1.116}
{"doc_slug": "past_papers_171", "page": 168, "quality_flag": "ok", "char_count": 1579, "ocr_seconds": 17.433}
{"doc_slug": "past_papers_171", "page": 169, "quality_flag": "ok", "char_count": 1921, "ocr_seconds": 19.823}
{"doc_slug": "past_papers_171", "page": 170, "quality_flag": "ok", "char_count": 1489, "ocr_seconds": 16.456}
{
  "pdf_path": "/Users/wangrundong/work/软考/历年系统集成项目管理工程师试题解析及答案-171页.pdf",
  "doc_slug": "past_papers_171",
  "page_count_total": 171,
  "page_count_processed": 171,
  "start_page": null,
  "end_page": null,
  "output_pdf": "/Users/wangrundong/work/软考/outputs/ocr/pdf/历年题解析_171页_ocr.pdf",
  "pages_index": "/Users/wangrundong/work/软考/outputs/ocr/pages/past_papers_171/pages_index.json",
  "average_char_count": 1353.45,
  "average_non_whitespace_count": 807.9,
  "quality_counts": {
    "ok": 165,
    "review": 3,
    "empty": 3,
    "error": 0
  },
  "elapsed_seconds": 727.4
}
