✔︎ JSON API cask.jws.json
✔︎ JSON API formula.jws.json
Inspect the formula dependency plan before installing with `brew install --ask`.
Enable ask mode by setting `HOMEBREW_ASK=1`.
Hide these hints with `HOMEBREW_NO_ENV_HINTS=1` (see `man brew`).
==> Fetching downloads for: ghostscript
✔︎ Bottle Manifest ghostscript (10.07.0)
✔︎ Bottle libpng (1.6.58)
✔︎ Bottle Manifest jbig2dec (0.20)
✔︎ Bottle Manifest giflib (6.1.3)
✔︎ Bottle Manifest libtiff (4.7.1_1)
✔︎ Bottle Manifest xz (5.8.3)
✔︎ Bottle Manifest little-cms2 (2.19)
✔︎ Bottle Manifest libarchive (3.8.7)
✔︎ Bottle Manifest libidn (1.43)
✔︎ Bottle Manifest libdatrie (0.2.14)
✔︎ Bottle Manifest libthai (0.1.30)
✔︎ Bottle Manifest leptonica (1.87.0)
✔︎ Bottle Manifest pango (1.57.1)
✔︎ Bottle Manifest harfbuzz (14.2.0)
✔︎ Bottle jbig2dec (0.20)
✔︎ Bottle giflib (6.1.3)
✔︎ Bottle libdatrie (0.2.14)
✔︎ Bottle Manifest tesseract (5.5.2)
✔︎ Bottle libidn (1.43)
✔︎ Bottle little-cms2 (2.19)
✔︎ Bottle xz (5.8.3)
✔︎ Bottle jpeg-turbo (3.1.4.1)
✔︎ Bottle libtiff (4.7.1_1)
✔︎ Bottle leptonica (1.87.0)
✔︎ Bottle libarchive (3.8.7)
✔︎ Bottle libthai (0.1.30)
✔︎ Bottle pango (1.57.1)
✔︎ Bottle harfbuzz (14.2.0)
✔︎ Bottle tesseract (5.5.2)
✔︎ Bottle glib (2.88.1)
✔︎ Bottle ghostscript (10.07.0)
==> Installing dependencies for ghostscript: jbig2dec, jpeg-turbo, giflib, libtiff, little-cms2, leptonica, libarchive, libidn, libdatrie, libthai, pango and tesseract
==> Installing ghostscript dependency: jbig2dec
==> Pouring jbig2dec--0.20.arm64_sequoia.bottle.tar.gz
🍺  /opt/homebrew/Cellar/jbig2dec/0.20: 14 files, 435.8KB
==> Installing ghostscript dependency: jpeg-turbo
==> Pouring jpeg-turbo--3.1.4.1.arm64_sequoia.bottle.tar.gz
🍺  /opt/homebrew/Cellar/jpeg-turbo/3.1.4.1: 47 files, 3.8MB
==> Installing ghostscript dependency: giflib
==> Pouring giflib--6.1.3.arm64_sequoia.bottle.tar.gz
🍺  /opt/homebrew/Cellar/giflib/6.1.3: 19 files, 513.9KB
==> Installing ghostscript dependency: libtiff
==> Pouring libtiff--4.7.1_1.arm64_sequoia.bottle.tar.gz
🍺  /opt/homebrew/Cellar/libtiff/4.7.1_1: 488 files, 9.0MB
==> Installing ghostscript dependency: little-cms2
==> Installing little-cms2 dependency: xz
==> Pouring xz--5.8.3.arm64_sequoia.bottle.tar.gz
🍺  /opt/homebrew/Cellar/xz/5.8.3: 96 files, 2.7MB
==> Pouring little-cms2--2.19.arm64_sequoia.bottle.tar.gz
🍺  /opt/homebrew/Cellar/little-cms2/2.19: 23 files, 1.5MB
==> Installing ghostscript dependency: leptonica
==> Pouring leptonica--1.87.0.arm64_sequoia.bottle.1.tar.gz
🍺  /opt/homebrew/Cellar/leptonica/1.87.0: 55 files, 7.3MB
==> Installing ghostscript dependency: libarchive
==> Pouring libarchive--3.8.7.arm64_sequoia.bottle.tar.gz
🍺  /opt/homebrew/Cellar/libarchive/3.8.7: 65 files, 4MB
==> Installing ghostscript dependency: libidn
==> Pouring libidn--1.43.arm64_sequoia.bottle.tar.gz
🍺  /opt/homebrew/Cellar/libidn/1.43: 74 files, 1MB
==> Installing ghostscript dependency: libdatrie
==> Pouring libdatrie--0.2.14.arm64_sequoia.bottle.tar.gz
🍺  /opt/homebrew/Cellar/libdatrie/0.2.14: 20 files, 313.5KB
==> Installing ghostscript dependency: libthai
==> Pouring libthai--0.1.30.arm64_sequoia.bottle.tar.gz
🍺  /opt/homebrew/Cellar/libthai/0.1.30: 30 files, 975.3KB
==> Installing ghostscript dependency: pango
==> Pouring pango--1.57.1.arm64_sequoia.bottle.tar.gz
🍺  /opt/homebrew/Cellar/pango/1.57.1: 69 files, 3.8MB
==> Installing ghostscript dependency: tesseract
==> Pouring tesseract--5.5.2.arm64_sequoia.bottle.tar.gz
🍺  /opt/homebrew/Cellar/tesseract/5.5.2: 75 files, 34.9MB
==> Installing ghostscript
==> Pouring ghostscript--10.07.0.arm64_sequoia.bottle.tar.gz
==> Caveats
Ghostscript is now built `--without-versioned-path`. Temporary backwards
compatibility symlinks exist but will be removed with 10.07.0 release.
==> Summary
🍺  /opt/homebrew/Cellar/ghostscript/10.07.0: 640 files, 134.0MB
==> Running `brew cleanup ghostscript`...
Disable this behaviour by setting `HOMEBREW_NO_INSTALL_CLEANUP=1`.
Hide these hints with `HOMEBREW_NO_ENV_HINTS=1` (see `man brew`).
==> Caveats
==> ghostscript
Ghostscript is now built `--without-versioned-path`. Temporary backwards
compatibility symlinks exist but will be removed with 10.07.0 release.
