Requirement already satisfied: pip in ./outputs/ocr/.venv/lib/python3.9/site-packages (21.2.4)
Collecting pip
  Using cached pip-26.0.1-py3-none-any.whl (1.8 MB)
Requirement already satisfied: setuptools in ./outputs/ocr/.venv/lib/python3.9/site-packages (58.0.4)
Collecting setuptools
  Using cached setuptools-82.0.1-py3-none-any.whl (1.0 MB)
Collecting wheel
  Using cached wheel-0.47.0-py3-none-any.whl (32 kB)
Collecting packaging>=24.0
  Using cached packaging-26.2-py3-none-any.whl (100 kB)
Installing collected packages: packaging, wheel, setuptools, pip
  Attempting uninstall: setuptools
    Found existing installation: setuptools 58.0.4
    Uninstalling setuptools-58.0.4:
      Successfully uninstalled setuptools-58.0.4
  Attempting uninstall: pip
    Found existing installation: pip 21.2.4
    Uninstalling pip-21.2.4:
      Successfully uninstalled pip-21.2.4
Successfully installed packaging-26.2 pip-26.0.1 setuptools-82.0.1 wheel-0.47.0
