Collecting pymupdf
  Downloading pymupdf-1.26.5-cp39-abi3-macosx_11_0_arm64.whl.metadata (3.4 kB)
Collecting pytesseract
  Downloading pytesseract-0.3.13-py3-none-any.whl.metadata (11 kB)
Collecting pypdf
  Downloading pypdf-6.11.0-py3-none-any.whl.metadata (7.2 kB)
Collecting ocrmypdf
  Downloading ocrmypdf-15.4.4-py39-none-any.whl.metadata (10 kB)
Collecting pdf2image
  Downloading pdf2image-1.17.0-py3-none-any.whl.metadata (6.2 kB)
Requirement already satisfied: packaging>=21.3 in ./outputs/ocr/.venv/lib/python3.9/site-packages (from pytesseract) (26.2)
Collecting Pillow>=8.0.0 (from pytesseract)
  Downloading pillow-11.3.0-cp39-cp39-macosx_11_0_arm64.whl.metadata (9.0 kB)
Collecting typing_extensions>=4.0 (from pypdf)
  Using cached typing_extensions-4.15.0-py3-none-any.whl.metadata (3.3 kB)
Collecting deprecation>=2.1.0 (from ocrmypdf)
  Downloading deprecation-2.1.0-py2.py3-none-any.whl.metadata (4.6 kB)
Collecting img2pdf>=0.4.4 (from ocrmypdf)
  Downloading img2pdf-0.6.3-py3-none-any.whl.metadata (13 kB)
Collecting pdfminer.six>=20220319 (from ocrmypdf)
  Downloading pdfminer_six-20251107-py3-none-any.whl.metadata (4.2 kB)
Collecting pikepdf>=8.7.1 (from ocrmypdf)
  Downloading pikepdf-9.11.0-cp39-cp39-macosx_14_0_arm64.whl.metadata (8.2 kB)
Collecting pluggy>=0.13.0 (from ocrmypdf)
  Using cached pluggy-1.6.0-py3-none-any.whl.metadata (4.8 kB)
Collecting reportlab>=3.6.8 (from ocrmypdf)
  Downloading reportlab-4.5.1-py3-none-any.whl.metadata (1.7 kB)
Collecting rich>=13 (from ocrmypdf)
  Downloading rich-15.0.0-py3-none-any.whl.metadata (18 kB)
Collecting charset-normalizer>=2.0.0 (from pdfminer.six>=20220319->ocrmypdf)
  Downloading charset_normalizer-3.4.7-cp39-cp39-macosx_10_9_universal2.whl.metadata (40 kB)
Collecting cryptography>=36.0.0 (from pdfminer.six>=20220319->ocrmypdf)
  Downloading cryptography-48.0.0-cp39-abi3-macosx_10_9_universal2.whl.metadata (4.3 kB)
Collecting cffi>=2.0.0 (from cryptography>=36.0.0->pdfminer.six>=20220319->ocrmypdf)
  Downloading cffi-2.0.0-cp39-cp39-macosx_11_0_arm64.whl.metadata (2.6 kB)
Collecting pycparser (from cffi>=2.0.0->cryptography>=36.0.0->pdfminer.six>=20220319->ocrmypdf)
  Downloading pycparser-2.23-py3-none-any.whl.metadata (993 bytes)
Collecting Deprecated (from pikepdf>=8.7.1->ocrmypdf)
  Downloading deprecated-1.3.1-py2.py3-none-any.whl.metadata (5.9 kB)
Collecting lxml>=4.8 (from pikepdf>=8.7.1->ocrmypdf)
  Downloading lxml-6.1.1-cp39-cp39-macosx_10_9_universal2.whl.metadata (3.5 kB)
Collecting markdown-it-py>=2.2.0 (from rich>=13->ocrmypdf)
  Downloading markdown_it_py-3.0.0-py3-none-any.whl.metadata (6.9 kB)
Collecting pygments<3.0.0,>=2.13.0 (from rich>=13->ocrmypdf)
  Downloading pygments-2.20.0-py3-none-any.whl.metadata (2.5 kB)
Collecting mdurl~=0.1 (from markdown-it-py>=2.2.0->rich>=13->ocrmypdf)
  Downloading mdurl-0.1.2-py3-none-any.whl.metadata (1.6 kB)
Collecting wrapt<3,>=1.10 (from Deprecated->pikepdf>=8.7.1->ocrmypdf)
  Downloading wrapt-2.1.2-cp39-cp39-macosx_11_0_arm64.whl.metadata (7.4 kB)
Downloading pymupdf-1.26.5-cp39-abi3-macosx_11_0_arm64.whl (22.4 MB)
   ━━━━━━━━━━━━━━━━━━━━━━━━━━━━━━━━━━━━━━━━ 22.4/22.4 MB 8.6 MB/s  0:00:03
Downloading pytesseract-0.3.13-py3-none-any.whl (14 kB)
Downloading pypdf-6.11.0-py3-none-any.whl (338 kB)
Downloading ocrmypdf-15.4.4-py39-none-any.whl (152 kB)
Downloading pdf2image-1.17.0-py3-none-any.whl (11 kB)
Downloading deprecation-2.1.0-py2.py3-none-any.whl (11 kB)
Downloading img2pdf-0.6.3-py3-none-any.whl (49 kB)
Downloading pdfminer_six-20251107-py3-none-any.whl (5.6 MB)
   ━━━━━━━━━━━━━━━━━━━━━━━━━━━━━━━━━━━━━━━━ 5.6/5.6 MB 11.1 MB/s  0:00:00
Downloading charset_normalizer-3.4.7-cp39-cp39-macosx_10_9_universal2.whl (299 kB)
Downloading cryptography-48.0.0-cp39-abi3-macosx_10_9_universal2.whl (8.0 MB)
   ━━━━━━━━━━━━━━━━━━━━━━━━━━━━━━━━━━━━━━━━ 8.0/8.0 MB 11.1 MB/s  0:00:00
Downloading cffi-2.0.0-cp39-cp39-macosx_11_0_arm64.whl (180 kB)
Downloading pikepdf-9.11.0-cp39-cp39-macosx_14_0_arm64.whl (4.7 MB)
   ━━━━━━━━━━━━━━━━━━━━━━━━━━━━━━━━━━━━━━━━ 4.7/4.7 MB 11.0 MB/s  0:00:00
Downloading lxml-6.1.1-cp39-cp39-macosx_10_9_universal2.whl (8.6 MB)
   ━━━━━━━━━━━━━━━━━━━━━━━━━━━━━━━━━━━━━━━━ 8.6/8.6 MB 11.2 MB/s  0:00:00
Downloading pillow-11.3.0-cp39-cp39-macosx_11_0_arm64.whl (4.7 MB)
   ━━━━━━━━━━━━━━━━━━━━━━━━━━━━━━━━━━━━━━━━ 4.7/4.7 MB 10.9 MB/s  0:00:00
Using cached pluggy-1.6.0-py3-none-any.whl (20 kB)
Downloading reportlab-4.5.1-py3-none-any.whl (2.0 MB)
   ━━━━━━━━━━━━━━━━━━━━━━━━━━━━━━━━━━━━━━━━ 2.0/2.0 MB 10.7 MB/s  0:00:00
Downloading rich-15.0.0-py3-none-any.whl (310 kB)
Downloading pygments-2.20.0-py3-none-any.whl (1.2 MB)
   ━━━━━━━━━━━━━━━━━━━━━━━━━━━━━━━━━━━━━━━━ 1.2/1.2 MB 10.5 MB/s  0:00:00
Downloading markdown_it_py-3.0.0-py3-none-any.whl (87 kB)
Downloading mdurl-0.1.2-py3-none-any.whl (10.0 kB)
Using cached typing_extensions-4.15.0-py3-none-any.whl (44 kB)
Downloading deprecated-1.3.1-py2.py3-none-any.whl (11 kB)
Downloading wrapt-2.1.2-cp39-cp39-macosx_11_0_arm64.whl (61 kB)
Downloading pycparser-2.23-py3-none-any.whl (118 kB)
Installing collected packages: wrapt, typing_extensions, pymupdf, pygments, pycparser, pluggy, Pillow, mdurl, lxml, deprecation, charset-normalizer, reportlab, pytesseract, pypdf, pdf2image, markdown-it-py, Deprecated, cffi, rich, pikepdf, cryptography, pdfminer.six, img2pdf, ocrmypdf

Successfully installed Deprecated-1.3.1 Pillow-11.3.0 cffi-2.0.0 charset-normalizer-3.4.7 cryptography-48.0.0 deprecation-2.1.0 img2pdf-0.6.3 lxml-6.1.1 markdown-it-py-3.0.0 mdurl-0.1.2 ocrmypdf-15.4.4 pdf2image-1.17.0 pdfminer.six-20251107 pikepdf-9.11.0 pluggy-1.6.0 pycparser-2.23 pygments-2.20.0 pymupdf-1.26.5 pypdf-6.11.0 pytesseract-0.3.13 reportlab-4.5.1 rich-15.0.0 typing_extensions-4.15.0 wrapt-2.1.2
