bash: ocrmypdf: command not found

/opt/homebrew/bin/tesseract
tesseract 5.5.1
 leptonica-1.86.0
  libgif 5.2.2 : libjpeg 8d (libjpeg-turbo 3.1.2) : libpng 1.6.57 : libtiff 4.7.1 : zlib 1.2.12 : libwebp 1.6.0 : libopenjp2 2.5.4
 Found NEON
 Found libarchive 3.8.2 zlib/1.2.12 liblzma/5.8.2 bz2lib/1.0.8 liblz4/1.10.0 libzstd/1.5.7 expat/expat_2.6.1 CommonCrypto/system libb2/system
 Found libcurl/8.7.1 SecureTransport (LibreSSL/3.3.6) zlib/1.2.12 nghttp2/1.62.0

List of available languages in "/opt/homebrew/share/tessdata/" (3):
eng
osd
snum

bash: pdftotext: command not found

Python 3.9.6

fitz: MISSING No module named 'fitz'
pdf2image: MISSING No module named 'pdf2image'
pytesseract: MISSING No module named 'pytesseract'
PIL: AVAILABLE 11.3.0
paddleocr: MISSING No module named 'paddleocr'

===== POST-INSTALL CHECK =====
/Users/wangrundong/work/软考/outputs/ocr/.venv/bin/ocrmypdf
15.4.4

/opt/homebrew/bin/tesseract
tesseract 5.5.1
 leptonica-1.86.0
  libgif 5.2.2 : libjpeg 8d (libjpeg-turbo 3.1.2) : libpng 1.6.57 : libtiff 4.7.1 : zlib 1.2.12 : libwebp 1.6.0 : libopenjp2 2.5.4
 Found NEON
 Found libarchive 3.8.2 zlib/1.2.12 liblzma/5.8.2 bz2lib/1.0.8 liblz4/1.10.0 libzstd/1.5.7 expat/expat_2.6.1 CommonCrypto/system libb2/system
 Found libcurl/8.7.1 SecureTransport (LibreSSL/3.3.6) zlib/1.2.12 nghttp2/1.62.0

List of available languages in "outputs/ocr/tessdata/" (4):
chi_sim
eng
osd
snum

Python 3.9.6
fitz: AVAILABLE 1.26.5
pdf2image: AVAILABLE unknown
pytesseract: AVAILABLE 0.3.13
PIL: AVAILABLE 11.3.0
paddleocr: MISSING No module named 'paddleocr'
pypdf: AVAILABLE 6.11.0
ocrmypdf: AVAILABLE 15.4.4
